Release 14.7 - xst P.20131013 (nt64)
Copyright (c) 1995-2013 Xilinx, Inc.  All rights reserved.
--> Parameter TMPDIR set to xst/projnav.tmp


Total REAL time to Xst completion: 0.00 secs
Total CPU time to Xst completion: 0.11 secs
 
--> Parameter xsthdpdir set to xst


Total REAL time to Xst completion: 0.00 secs
Total CPU time to Xst completion: 0.11 secs
 
--> Reading design: cpu.prj

TABLE OF CONTENTS
  1) Synthesis Options Summary
  2) HDL Compilation
  3) Design Hierarchy Analysis
  4) HDL Analysis
  5) HDL Synthesis
     5.1) HDL Synthesis Report
  6) Advanced HDL Synthesis
     6.1) Advanced HDL Synthesis Report
  7) Low Level Synthesis
  8) Partition Report
  9) Final Report
	9.1) Device utilization summary
	9.2) Partition Resource Summary
	9.3) TIMING REPORT


=========================================================================
*                      Synthesis Options Summary                        *
=========================================================================
---- Source Parameters
Input File Name                    : "cpu.prj"
Input Format                       : mixed
Ignore Synthesis Constraint File   : NO

---- Target Parameters
Output File Name                   : "cpu"
Output Format                      : NGC
Target Device                      : xc3s4000-5-fg676

---- Source Options
Top Module Name                    : cpu
Automatic FSM Extraction           : YES
FSM Encoding Algorithm             : Auto
Safe Implementation                : No
FSM Style                          : LUT
RAM Extraction                     : Yes
RAM Style                          : Auto
ROM Extraction                     : Yes
Mux Style                          : Auto
Decoder Extraction                 : YES
Priority Encoder Extraction        : Yes
Shift Register Extraction          : YES
Logical Shifter Extraction         : YES
XOR Collapsing                     : YES
ROM Style                          : Auto
Mux Extraction                     : Yes
Resource Sharing                   : YES
Asynchronous To Synchronous        : NO
Multiplier Style                   : Auto
Automatic Register Balancing       : No

---- Target Options
Add IO Buffers                     : YES
Global Maximum Fanout              : 100000
Add Generic Clock Buffer(BUFG)     : 8
Register Duplication               : YES
Slice Packing                      : YES
Optimize Instantiated Primitives   : NO
Use Clock Enable                   : Yes
Use Synchronous Set                : Yes
Use Synchronous Reset              : Yes
Pack IO Registers into IOBs        : Auto
Equivalent register Removal        : YES

---- General Options
Optimization Goal                  : Speed
Optimization Effort                : 1
Keep Hierarchy                     : No
Netlist Hierarchy                  : As_Optimized
RTL Output                         : Yes
Global Optimization                : AllClockNets
Read Cores                         : YES
Write Timing Constraints           : NO
Cross Clock Analysis               : NO
Hierarchy Separator                : /
Bus Delimiter                      : <>
Case Specifier                     : Maintain
Slice Utilization Ratio            : 100
BRAM Utilization Ratio             : 100
Verilog 2001                       : YES
Auto BRAM Packing                  : NO
Slice Utilization Ratio Delta      : 5

=========================================================================


=========================================================================
*                          HDL Compilation                              *
=========================================================================
Compiling verilog file "sc.v" in library work
Compiling verilog file "S.v" in library work
Module <sc> compiled
Compiling verilog file "R.v" in library work
Module <S> compiled
Compiling verilog file "encoer83.v" in library work
Module <R> compiled
Compiling verilog file "decoder38.v" in library work
Module <encoer83> compiled
Compiling verilog file "comparator.v" in library work
Module <decoder38> compiled
Compiling verilog file "regpc.v" in library work
Module <comparator> compiled
Compiling verilog file "reg7.v" in library work
Module <regpc> compiled
Compiling verilog file "reg16.v" in library work
Module <reg7> compiled
Compiling verilog file "reg12.v" in library work
Module <reg16> compiled
Compiling verilog file "Memory.v" in library work
Module <reg12> compiled
Compiling verilog file "flipflop.v" in library work
Module <Memory> compiled
Compiling verilog file "ControlUnit.v" in library work
Module <flipflop> compiled
Compiling verilog file "BUS.v" in library work
Module <ControlUnit> compiled
Compiling verilog file "ALU.v" in library work
Module <BUS> compiled
Compiling verilog file "cpu.v" in library work
Module <ALU> compiled
Module <cpu> compiled
No errors in compilation
Analysis of file <"cpu.prj"> succeeded.
 

=========================================================================
*                     Design Hierarchy Analysis                         *
=========================================================================
Analyzing hierarchy for module <cpu> in library <work>.

Analyzing hierarchy for module <ControlUnit> in library <work>.

Analyzing hierarchy for module <Memory> in library <work>.

Analyzing hierarchy for module <reg12> in library <work>.

Analyzing hierarchy for module <regpc> in library <work>.

Analyzing hierarchy for module <reg16> in library <work>.

Analyzing hierarchy for module <reg7> in library <work>.

Analyzing hierarchy for module <BUS> in library <work>.

Analyzing hierarchy for module <ALU> in library <work>.

Analyzing hierarchy for module <flipflop> in library <work>.

Analyzing hierarchy for module <sc> in library <work>.

Analyzing hierarchy for module <decoder38> in library <work>.

Analyzing hierarchy for module <encoer83> in library <work>.

Analyzing hierarchy for module <comparator> in library <work>.

Analyzing hierarchy for module <S> in library <work>.

Analyzing hierarchy for module <R> in library <work>.


=========================================================================
*                            HDL Analysis                               *
=========================================================================
Analyzing top module <cpu>.
Module <cpu> is correct for synthesis.
 
Analyzing module <ControlUnit> in library <work>.
Module <ControlUnit> is correct for synthesis.
 
Analyzing module <sc> in library <work>.
Module <sc> is correct for synthesis.
 
Analyzing module <decoder38> in library <work>.
Module <decoder38> is correct for synthesis.
 
Analyzing module <encoer83> in library <work>.
Module <encoer83> is correct for synthesis.
 
Analyzing module <comparator> in library <work>.
Module <comparator> is correct for synthesis.
 
Analyzing module <S> in library <work>.
Module <S> is correct for synthesis.
 
Analyzing module <R> in library <work>.
Module <R> is correct for synthesis.
 
Analyzing module <Memory> in library <work>.
INFO:Xst:1433 - Contents of array <RAM> may be accessed with an index that exceeds the array size. This could cause simulation mismatch.
Module <Memory> is correct for synthesis.
 
Analyzing module <reg12> in library <work>.
Module <reg12> is correct for synthesis.
 
Analyzing module <regpc> in library <work>.
Module <regpc> is correct for synthesis.
 
Analyzing module <reg16> in library <work>.
Module <reg16> is correct for synthesis.
 
Analyzing module <reg7> in library <work>.
Module <reg7> is correct for synthesis.
 
Analyzing module <BUS> in library <work>.
Module <BUS> is correct for synthesis.
 
Analyzing module <ALU> in library <work>.
Module <ALU> is correct for synthesis.
 
Analyzing module <flipflop> in library <work>.
Module <flipflop> is correct for synthesis.
 

=========================================================================
*                           HDL Synthesis                               *
=========================================================================

Performing bidirectional port resolution...

Synthesizing Unit <Memory>.
    Related source file is "Memory.v".
WARNING:Xst:647 - Input <ADR<11:7>> is never used. This port will be preserved and left unconnected if it belongs to a top-level block or it belongs to a sub-block and the hierarchy of this sub-block is preserved.
    Found 2048-bit register for signal <RAM>.
INFO:Xst:738 - HDL ADVISOR - 2048 flip-flops were inferred for signal <RAM>. You may be trying to describe a RAM in a way that is incompatible with block and distributed RAM resources available on Xilinx devices, or with a specific template that is not supported. Please review the Xilinx resources documentation and the XST user manual for coding guidelines. Taking advantage of RAM resources will lead to improved device usage and reduced synthesis time.
    Summary:
	inferred 2048 D-type flip-flop(s).
	inferred  16 Multiplexer(s).
Unit <Memory> synthesized.


Synthesizing Unit <reg12>.
    Related source file is "reg12.v".
    Found 12-bit up counter for signal <R>.
    Summary:
	inferred   1 Counter(s).
Unit <reg12> synthesized.


Synthesizing Unit <regpc>.
    Related source file is "regpc.v".
    Found 12-bit up counter for signal <R>.
    Summary:
	inferred   1 Counter(s).
Unit <regpc> synthesized.


Synthesizing Unit <reg16>.
    Related source file is "reg16.v".
    Found 8-bit register for signal <K>.
    Found 16-bit register for signal <R>.
    Found 16-bit adder for signal <R$addsub0000> created at line 43.
    Summary:
	inferred  24 D-type flip-flop(s).
	inferred   1 Adder/Subtractor(s).
Unit <reg16> synthesized.


Synthesizing Unit <reg7>.
    Related source file is "reg7.v".
    Found 8-bit register for signal <R>.
    Summary:
	inferred   8 D-type flip-flop(s).
Unit <reg7> synthesized.


Synthesizing Unit <BUS>.
    Related source file is "BUS.v".
    Found 16-bit 8-to-1 multiplexer for signal <Z>.
    Summary:
	inferred  16 Multiplexer(s).
Unit <BUS> synthesized.


Synthesizing Unit <ALU>.
    Related source file is "ALU.v".
    Found 1-bit 8-to-1 multiplexer for signal <E>.
    Found 16-bit 8-to-1 multiplexer for signal <OUT>.
    Found 16-bit adder carry out for signal <AUX_6$addsub0000>.
    Summary:
	inferred   1 Adder/Subtractor(s).
	inferred  17 Multiplexer(s).
Unit <ALU> synthesized.


Synthesizing Unit <flipflop>.
    Related source file is "flipflop.v".
    Found 1-bit register for signal <R>.
    Summary:
	inferred   1 D-type flip-flop(s).
Unit <flipflop> synthesized.


Synthesizing Unit <sc>.
    Related source file is "sc.v".
    Found 3-bit up counter for signal <R>.
    Summary:
	inferred   1 Counter(s).
Unit <sc> synthesized.


Synthesizing Unit <decoder38>.
    Related source file is "decoder38.v".
    Found 1-of-8 decoder for signal <D>.
    Summary:
	inferred   1 Decoder(s).
Unit <decoder38> synthesized.


Synthesizing Unit <encoer83>.
    Related source file is "encoer83.v".
Unit <encoer83> synthesized.


Synthesizing Unit <comparator>.
    Related source file is "comparator.v".
    Found 1-bit 4-to-1 multiplexer for signal <R>.
    Summary:
	inferred   1 Multiplexer(s).
Unit <comparator> synthesized.


Synthesizing Unit <S>.
    Related source file is "S.v".
    Found 1-bit register for signal <out>.
    Summary:
	inferred   1 D-type flip-flop(s).
Unit <S> synthesized.


Synthesizing Unit <R>.
    Related source file is "R.v".
    Found 1-bit register for signal <R>.
    Summary:
	inferred   1 D-type flip-flop(s).
Unit <R> synthesized.


Synthesizing Unit <ControlUnit>.
    Related source file is "ControlUnit.v".
WARNING:Xst:646 - Signal <T7> is assigned but never used. This unconnected signal will be trimmed during the optimization process.
Unit <ControlUnit> synthesized.


Synthesizing Unit <cpu>.
    Related source file is "cpu.v".
Unit <cpu> synthesized.


=========================================================================
HDL Synthesis Report

Macro Statistics
# Adders/Subtractors                                   : 5
 16-bit adder                                          : 4
 16-bit adder carry out                                : 1
# Counters                                             : 3
 12-bit up counter                                     : 2
 3-bit up counter                                      : 1
# Registers                                            : 144
 1-bit register                                        : 6
 16-bit register                                       : 132
 8-bit register                                        : 6
# Multiplexers                                         : 11
 1-bit 4-to-1 multiplexer                              : 7
 1-bit 8-to-1 multiplexer                              : 1
 16-bit 128-to-1 multiplexer                           : 1
 16-bit 8-to-1 multiplexer                             : 2
# Decoders                                             : 2
 1-of-8 decoder                                        : 2

=========================================================================

=========================================================================
*                       Advanced HDL Synthesis                          *
=========================================================================

WARNING:Xst:1426 - The value init of the FF/Latch out hinder the constant cleaning in the block ss.
   You should achieve better results by setting this init to 0.

=========================================================================
Advanced HDL Synthesis Report

Macro Statistics
# Adders/Subtractors                                   : 5
 16-bit adder                                          : 4
 16-bit adder carry out                                : 1
# Counters                                             : 3
 12-bit up counter                                     : 2
 3-bit up counter                                      : 1
# Registers                                            : 2166
 Flip-Flops                                            : 2166
# Multiplexers                                         : 11
 1-bit 4-to-1 multiplexer                              : 7
 1-bit 8-to-1 multiplexer                              : 1
 16-bit 128-to-1 multiplexer                           : 1
 16-bit 8-to-1 multiplexer                             : 2
# Decoders                                             : 2
 1-of-8 decoder                                        : 2

=========================================================================

=========================================================================
*                         Low Level Synthesis                           *
=========================================================================
WARNING:Xst:1426 - The value init of the FF/Latch out hinder the constant cleaning in the block S.
   You should achieve better results by setting this init to 0.

Optimizing unit <cpu> ...

Optimizing unit <Memory> ...

Optimizing unit <reg16> ...

Optimizing unit <reg7> ...

Optimizing unit <ALU> ...

Optimizing unit <ControlUnit> ...
WARNING:Xst:2677 - Node <IR/K_7> of sequential type is unconnected in block <cpu>.
WARNING:Xst:2677 - Node <IR/K_6> of sequential type is unconnected in block <cpu>.
WARNING:Xst:2677 - Node <IR/K_5> of sequential type is unconnected in block <cpu>.
WARNING:Xst:2677 - Node <IR/K_4> of sequential type is unconnected in block <cpu>.
WARNING:Xst:2677 - Node <IR/K_3> of sequential type is unconnected in block <cpu>.
WARNING:Xst:2677 - Node <IR/K_2> of sequential type is unconnected in block <cpu>.
WARNING:Xst:2677 - Node <IR/K_1> of sequential type is unconnected in block <cpu>.
WARNING:Xst:2677 - Node <IR/K_0> of sequential type is unconnected in block <cpu>.
WARNING:Xst:2677 - Node <TR/K_7> of sequential type is unconnected in block <cpu>.
WARNING:Xst:2677 - Node <TR/K_6> of sequential type is unconnected in block <cpu>.
WARNING:Xst:2677 - Node <TR/K_5> of sequential type is unconnected in block <cpu>.
WARNING:Xst:2677 - Node <TR/K_4> of sequential type is unconnected in block <cpu>.
WARNING:Xst:2677 - Node <TR/K_3> of sequential type is unconnected in block <cpu>.
WARNING:Xst:2677 - Node <TR/K_2> of sequential type is unconnected in block <cpu>.
WARNING:Xst:2677 - Node <TR/K_1> of sequential type is unconnected in block <cpu>.
WARNING:Xst:2677 - Node <TR/K_0> of sequential type is unconnected in block <cpu>.
WARNING:Xst:2677 - Node <DR/K_7> of sequential type is unconnected in block <cpu>.
WARNING:Xst:2677 - Node <DR/K_6> of sequential type is unconnected in block <cpu>.
WARNING:Xst:2677 - Node <DR/K_5> of sequential type is unconnected in block <cpu>.
WARNING:Xst:2677 - Node <DR/K_4> of sequential type is unconnected in block <cpu>.
WARNING:Xst:2677 - Node <DR/K_3> of sequential type is unconnected in block <cpu>.
WARNING:Xst:2677 - Node <DR/K_2> of sequential type is unconnected in block <cpu>.
WARNING:Xst:2677 - Node <DR/K_1> of sequential type is unconnected in block <cpu>.
WARNING:Xst:2677 - Node <DR/K_0> of sequential type is unconnected in block <cpu>.

Mapping all equations...
Building and optimizing final netlist ...
Found area constraint ratio of 100 (+ 5) on block cpu, actual ratio is 6.
FlipFlop AR/R_0 has been replicated 83 time(s)
FlipFlop AR/R_1 has been replicated 34 time(s)
FlipFlop AR/R_2 has been replicated 10 time(s)
FlipFlop AR/R_3 has been replicated 3 time(s)
FlipFlop CU/Sc/R_0 has been replicated 1 time(s)
FlipFlop CU/Sc/R_1 has been replicated 2 time(s)
FlipFlop CU/Sc/R_2 has been replicated 2 time(s)
FlipFlop IR/R_12 has been replicated 1 time(s)
FlipFlop IR/R_13 has been replicated 2 time(s)
FlipFlop IR/R_14 has been replicated 2 time(s)
FlipFlop IR/R_15 has been replicated 1 time(s)

Final Macro Processing ...

=========================================================================
Final Register Report

Macro Statistics
# Registers                                            : 2310
 Flip-Flops                                            : 2310

=========================================================================

=========================================================================
*                           Partition Report                            *
=========================================================================

Partition Implementation Status
-------------------------------

  No Partitions were found in this design.

-------------------------------

=========================================================================
*                            Final Report                               *
=========================================================================
Final Results
RTL Top Level Output File Name     : cpu.ngr
Top Level Output File Name         : cpu
Output Format                      : NGC
Optimization Goal                  : Speed
Keep Hierarchy                     : No

Design Statistics
# IOs                              : 20

Cell Usage :
# BELS                             : 2805
#      GND                         : 1
#      INV                         : 17
#      LUT1                        : 30
#      LUT2                        : 49
#      LUT2_D                      : 4
#      LUT2_L                      : 7
#      LUT3                        : 1150
#      LUT3_D                      : 7
#      LUT3_L                      : 4
#      LUT4                        : 304
#      LUT4_D                      : 24
#      LUT4_L                      : 11
#      MUXCY                       : 68
#      MUXF5                       : 596
#      MUXF6                       : 268
#      MUXF7                       : 128
#      MUXF8                       : 64
#      VCC                         : 1
#      XORCY                       : 72
# FlipFlops/Latches                : 2310
#      FDE                         : 2073
#      FDRE                        : 230
#      FDRSE                       : 7
# Clock Buffers                    : 1
#      BUFGP                       : 1
# IO Buffers                       : 19
#      IBUF                        : 11
#      OBUF                        : 8
=========================================================================

Device utilization summary:
---------------------------

Selected Device : 3s4000fg676-5 

 Number of Slices:                     1997  out of  27648     7%  
 Number of Slice Flip Flops:           2310  out of  55296     4%  
 Number of 4 input LUTs:               1607  out of  55296     2%  
 Number of IOs:                          20
 Number of bonded IOBs:                  20  out of    489     4%  
 Number of GCLKs:                         1  out of      8    12%  

---------------------------
Partition Resource Summary:
---------------------------

  No Partitions were found in this design.

---------------------------


=========================================================================
TIMING REPORT

NOTE: THESE TIMING NUMBERS ARE ONLY A SYNTHESIS ESTIMATE.
      FOR ACCURATE TIMING INFORMATION PLEASE REFER TO THE TRACE REPORT
      GENERATED AFTER PLACE-and-ROUTE.

Clock Information:
------------------
-----------------------------------+------------------------+-------+
Clock Signal                       | Clock buffer(FF name)  | Load  |
-----------------------------------+------------------------+-------+
clk                                | BUFGP                  | 2310  |
-----------------------------------+------------------------+-------+

Asynchronous Control Signals Information:
----------------------------------------
No asynchronous control signals found in this design

Timing Summary:
---------------
Speed Grade: -5

   Minimum period: 11.257ns (Maximum Frequency: 88.834MHz)
   Minimum input arrival time before clock: 6.317ns
   Maximum output required time after clock: 6.216ns
   Maximum combinational path delay: No path found

Timing Detail:
--------------
All values displayed in nanoseconds (ns)

=========================================================================
Timing constraint: Default period analysis for Clock 'clk'
  Clock period: 11.257ns (frequency: 88.834MHz)
  Total number of paths / destination ports: 957903 / 4783
-------------------------------------------------------------------------
Delay:               11.257ns (Levels of Logic = 10)
  Source:            AR/R_1 (FF)
  Destination:       mem/RAM_127_11 (FF)
  Source Clock:      clk rising
  Destination Clock: clk rising

  Data Path: AR/R_1 to mem/RAM_127_11
                                Gate     Net
    Cell:in->out      fanout   Delay   Delay  Logical Name (Net Name)
    ----------------------------------------  ------------
     FDRE:C->Q           162   0.626   2.208  AR/R_1 (AR/R_1)
     MUXF5:S->O            1   0.540   0.000  mem/Mmux__COND_4_9_f5_1 (mem/Mmux__COND_4_9_f52)
     MUXF6:I1->O           1   0.298   0.000  mem/Mmux__COND_4_8_f6_1 (mem/Mmux__COND_4_8_f62)
     MUXF7:I1->O           1   0.298   0.000  mem/Mmux__COND_4_7_f7_1 (mem/Mmux__COND_4_7_f72)
     MUXF8:I1->O           1   0.298   0.851  mem/Mmux__COND_4_6_f8_1 (mem/Mmux__COND_4_6_f82)
     LUT3:I1->O            1   0.479   0.000  mem/Mmux__COND_4_2_f5_1_G (N57)
     MUXF5:I1->O           1   0.314   0.704  mem/Mmux__COND_4_2_f5_1 (out_mem<11>)
     LUT4:I3->O            1   0.479   0.000  mux/Mmux_Z_62 (mux/Mmux_Z_62)
     MUXF5:I0->O           1   0.314   0.000  mux/Mmux_Z_4_f5_1 (mux/Mmux_Z_4_f52)
     MUXF6:I0->O           6   0.298   0.853  mux/Mmux_Z_2_f6_1 (Data<11>1)
     INV:I->O            128   0.479   2.043  Data<11>_inv1_INV_0 (Data<11>)
     FDE:D                     0.176          mem/RAM_2_11
    ----------------------------------------
    Total                     11.257ns (4.599ns logic, 6.658ns route)
                                       (40.9% logic, 59.1% route)

=========================================================================
Timing constraint: Default OFFSET IN BEFORE for Clock 'clk'
  Total number of paths / destination ports: 263 / 255
-------------------------------------------------------------------------
Offset:              6.317ns (Levels of Logic = 3)
  Source:            rst (PAD)
  Destination:       Ien/R (FF)
  Destination Clock: clk rising

  Data Path: rst to Ien/R
                                Gate     Net
    Cell:in->out      fanout   Delay   Delay  Logical Name (Net Name)
    ----------------------------------------  ------------
     IBUF:I->O            65   0.715   2.031  rst_IBUF (DR/R_or0000)
     LUT4:I0->O            2   0.479   1.040  CU/Rr/R_or00001 (CU/Rr/R_or0000)
     LUT4:I0->O            1   0.479   0.681  Ien/R_or0000 (Ien/R_or0000)
     FDRSE:R                   0.892          Ien/R
    ----------------------------------------
    Total                      6.317ns (2.565ns logic, 3.752ns route)
                                       (40.6% logic, 59.4% route)

=========================================================================
Timing constraint: Default OFFSET OUT AFTER for Clock 'clk'
  Total number of paths / destination ports: 8 / 8
-------------------------------------------------------------------------
Offset:              6.216ns (Levels of Logic = 1)
  Source:            OUTR/R_7 (FF)
  Destination:       OPR<7> (PAD)
  Source Clock:      clk rising

  Data Path: OUTR/R_7 to OPR<7>
                                Gate     Net
    Cell:in->out      fanout   Delay   Delay  Logical Name (Net Name)
    ----------------------------------------  ------------
     FDE:C->Q              1   0.626   0.681  OUTR/R_7 (OUTR/R_7)
     OBUF:I->O                 4.909          OPR_7_OBUF (OPR<7>)
    ----------------------------------------
    Total                      6.216ns (5.535ns logic, 0.681ns route)
                                       (89.0% logic, 11.0% route)

=========================================================================


Total REAL time to Xst completion: 16.00 secs
Total CPU time to Xst completion: 15.96 secs
 
--> 

Total memory usage is 4563208 kilobytes

Number of errors   :    0 (   0 filtered)
Number of warnings :   28 (   0 filtered)
Number of infos    :    2 (   0 filtered)

